// Jest Snapshot v1, https://goo.gl/fbAQLP

exports[`<Main /> should render correctly 1`] = `
<main
  class="flex h-screen flex-col items-center justify-center"
>
  <h1
    class="text-3xl font-bold"
  >
    My main component
  </h1>
</main>
`;
